// Jest Snapshot v1, https://goo.gl/fbAQLP

exports[`AuthService encryptUserPassword successfully encrypts user password 1`] = `"6682ddf49a53a7011ce7"`;

exports[`AuthService getUserByToken gets user from token successfully 1`] = `
Object {
  "createdAt": "1970-05-23T12:05:12.312Z",
  "id": 1,
  "isAdmin": false,
  "name": "asd",
  "password": "999831345adba09d7c5d",
  "salt": "somenanoid",
}
`;
